`a British citizen by virtue of subsection (1) or (2)` with `Peter`
`a British citizen by virtue of subsection (1) or (2)` with `a child born in the United Kingdom on` with 1 January 1983, `FALSE`, `TRUE` and `FALSE`
not `a British citizen by virtue of subsection (1) or (2)` with `a child born in the United Kingdom on` with 31 December 1982, `TRUE`, `FALSE` and `FALSE`
not `a British citizen by virtue of subsection (1) or (2)` with `the child of visitors`
`a British citizen by virtue of subsection (1) or (2)` with `a child born in a qualifying territory on` with 21 May 2002, `FALSE`, `TRUE` and `FALSE`
not `a British citizen by virtue of subsection (1) or (2)` with `a child born in a qualifying territory on` with 20 May 2002, `FALSE`, `TRUE` and `FALSE`
`a British citizen by virtue of subsection (1A)` with `a child born in the United Kingdom on` with 13 January 2010, `FALSE`, `FALSE` and `TRUE`
not `a British citizen by virtue of subsection (1A)` with `a child born in the United Kingdom on` with 12 January 2010, `FALSE`, `FALSE` and `TRUE`
`a British citizen by virtue of subsection (1A)` with `a child born in a qualifying territory on` with 1 March 2012, `FALSE`, `FALSE` and `TRUE`
`a British citizen by virtue of subsection (1A)` with `the forces child`
not `a British citizen by virtue of subsection (1A)` with `a child born in the United Kingdom on` with 1 June 2015, `FALSE`, `FALSE` and `FALSE`
`deemed by subsection (2) to satisfy subsection (1)` with `the foundling`
`a British citizen by virtue of subsection (1) or (2)` with `the foundling`
not `a British citizen by virtue of subsection (1) or (2)` with `the rebutted foundling`
not `deemed by subsection (2) to satisfy subsection (1)` with `a foundling found on` with 1 June 1982, `TRUE` and `FALSE`
`entitled to be registered under subsection (3)` with `the child of visitors`
not `entitled to be registered under subsection (3)` with `a child of visitors born on` with 10 May 2012, `TRUE`, `FALSE` and `FALSE`
not `entitled to be registered under subsection (3)` with `a child of visitors born on` with 10 May 2012, `FALSE`, `FALSE` and `TRUE`
not `entitled to be registered under subsection (3)` with `Peter`
not `entitled to be registered under subsection (3)` with `Peter with the subsection (3) limbs satisfied`
`entitled to be registered under subsection (3A)` with `a child of visitors born on` with 10 May 2012, `FALSE`, `TRUE` and `TRUE`
not `entitled to be registered under subsection (3A)` with `a child of visitors born on` with 10 May 2005, `FALSE`, `TRUE` and `TRUE`
not `entitled to be registered under subsection (3A)` with `a child of visitors born on` with 10 May 2012, `FALSE`, `TRUE` and `FALSE`
`entitled to be registered under subsection (4)` with `the ten-year lead case`
not `entitled to be registered under subsection (4)` with `a ten-year applicant born on` with 1 March 1995, 91, `TRUE`, `FALSE` and `TRUE`
`entitled to be registered under subsection (4)` with `a ten-year applicant born on` with 1 March 1995, 91, `TRUE`, `TRUE` and `TRUE`
not `entitled to be registered under subsection (4)` with `a ten-year applicant born on` with 1 March 1995, 90, `FALSE`, `FALSE` and `TRUE`
`entitled to be registered under subsection (4)` with `the applicant of bad character`
`registration may be granted` with `the ten-year lead case` and `entitled to be registered under subsection (4)` with `the ten-year lead case`
not `registration may be granted` with `the applicant of bad character` and `entitled to be registered under subsection (4)` with `the applicant of bad character`
`a British citizen by virtue of subsection (5)` with `a United Kingdom adoption order on` with 1 July 2004, `TRUE`, `TRUE` and `FALSE`
not `a British citizen by virtue of subsection (5)` with `a United Kingdom adoption order on` with 1 July 2004, `FALSE`, `TRUE` and `FALSE`
`a British citizen by virtue of subsection (5)` with `a Convention adoption on` with 1 February 2006, `TRUE` and `TRUE`
not `a British citizen by virtue of subsection (5)` with `a Convention adoption on` with 1 February 2006, `TRUE` and `FALSE`
`a British citizen by virtue of subsection (5)` with `a Gibraltar adoption order case`
not `1(5)(a) — a court order authorising the adoption` with `a pre-appointed-day Gibraltar order case`
not `a British citizen by virtue of subsection (5)` with `an adoption of a person already a British citizen`
`a British citizen notwithstanding cesser of the order — subsection (6)` with `a United Kingdom adoption order on` with 1 July 2004, `TRUE`, `TRUE` and `TRUE`
not `a British citizen notwithstanding cesser of the order — subsection (6)` with `a United Kingdom adoption order on` with 1 July 2004, `FALSE`, `TRUE` and `TRUE`
`section 1 outcome at birth` with `Peter`
`section 1 outcome at birth` with `Peter` is equal to `a British citizen from birth under subsection (1)`
`section 1 outcome at birth` with `the forces child` is equal to `a British citizen from birth under subsection (1A)`
`section 1 outcome at birth` with `the child of visitors` is equal to `not a British citizen from birth under section 1`
