Parsing successful
Typechecking successful
Info | updateFileDiagnostics published different from new diagnostics - file diagnostics:
File: section-given-ambiguous-parent.l4
  Hidden: no
  Range: 28:10-28:13
  Source: check
  Severity: DiagnosticSeverity_Error
  Code: <none>
  Message:
    There are multiple definitions for the identifier

      foo

    and I do not have sufficient information to make a choice between them.
    The options are:

      toplevel.`2`.foo (defined at section-given-ambiguous-parent.l4:20:11-14) of type Fruit
      toplevel.`1`.foo (defined at section-given-ambiguous-parent.l4:14:11-14) of type Fruit
