Phase: Lexer
1:1-8 SemanticTokenTypes_Keyword
1:9-14 SemanticTokenTypes_Variable
1:15-17 SemanticTokenTypes_Keyword
1:18-21 SemanticTokenTypes_Keyword
1:22-24 SemanticTokenTypes_Keyword
2:5-13 SemanticTokenTypes_Variable
2:14-17 SemanticTokenTypes_Keyword
2:18-22 SemanticTokenTypes_Variable
2:23-25 SemanticTokenTypes_Keyword
2:26-27 SemanticTokenTypes_Keyword
2:28-34 SemanticTokenTypes_Variable
3:5-11 SemanticTokenTypes_Variable
3:14-17 SemanticTokenTypes_Keyword
3:18-22 SemanticTokenTypes_Variable
3:23-25 SemanticTokenTypes_Keyword
3:26-27 SemanticTokenTypes_Keyword
3:28-34 SemanticTokenTypes_Variable
5:1-8 SemanticTokenTypes_Keyword
5:9-15 SemanticTokenTypes_Variable
5:16-18 SemanticTokenTypes_Keyword
5:19-22 SemanticTokenTypes_Keyword
5:23-25 SemanticTokenTypes_Keyword
6:5-9 SemanticTokenTypes_Variable
6:10-13 SemanticTokenTypes_Keyword
6:14-20 SemanticTokenTypes_Variable
6:21-23 SemanticTokenTypes_Keyword
6:24-26 SemanticTokenTypes_Keyword
6:27-32 SemanticTokenTypes_Variable
8:1-12 SemanticTokenTypes_Variable
8:13-18 SemanticTokenTypes_Keyword
8:19-21 SemanticTokenTypes_Number
9:1-12 SemanticTokenTypes_Variable
9:13-18 SemanticTokenTypes_Keyword
9:19-27 SemanticTokenTypes_Variable
9:28-30 SemanticTokenTypes_Keyword
9:31-38 SemanticTokenTypes_String
11:1-7 SemanticTokenTypes_Keyword
11:8-9 SemanticTokenTypes_Keyword
11:10-17 SemanticTokenTypes_Variable
11:18-23 SemanticTokenTypes_Variable
11:24-30 SemanticTokenTypes_Variable
12:1-9 SemanticTokenTypes_Variable
12:10-15 SemanticTokenTypes_Keyword
13:5-10 SemanticTokenTypes_Keyword
13:11-17 SemanticTokenTypes_Variable
13:18-19 SemanticTokenTypes_Variable
14:9-13 SemanticTokenTypes_Keyword
14:16-20 SemanticTokenTypes_Variable
14:21-22 SemanticTokenTypes_Operator
14:22-29 SemanticTokenTypes_Keyword
14:30-31 SemanticTokenTypes_Variable
14:31-32 SemanticTokenTypes_Operator
15:9-15 SemanticTokenTypes_Keyword
15:16-18 SemanticTokenTypes_Number
15:19-21 SemanticTokenTypes_Keyword
15:22-25 SemanticTokenTypes_Keyword
15:26-32 SemanticTokenTypes_Variable
16:9-13 SemanticTokenTypes_Keyword
16:16-19 SemanticTokenTypes_Keyword
16:20-24 SemanticTokenTypes_Keyword
16:25-31 SemanticTokenTypes_Keyword
16:32-34 SemanticTokenTypes_Number
16:35-37 SemanticTokenTypes_Keyword
16:38-49 SemanticTokenTypes_Variable
17:9-14 SemanticTokenTypes_Keyword
17:16-17 SemanticTokenTypes_Operator
17:17-22 SemanticTokenTypes_Keyword
17:23-34 SemanticTokenTypes_Variable
17:35-39 SemanticTokenTypes_Keyword
17:40-44 SemanticTokenTypes_Variable
17:45-46 SemanticTokenTypes_Operator
17:46-53 SemanticTokenTypes_Keyword
17:54-65 SemanticTokenTypes_Variable
17:65-66 SemanticTokenTypes_Operator
17:67-73 SemanticTokenTypes_Keyword
17:74-75 SemanticTokenTypes_Number
17:76-78 SemanticTokenTypes_Keyword
17:79-82 SemanticTokenTypes_Keyword
17:83-91 SemanticTokenTypes_Variable
17:91-92 SemanticTokenTypes_Operator
18:9-13 SemanticTokenTypes_Keyword
18:16-22 SemanticTokenTypes_Keyword

Phase: Parse
1:1-8 SemanticTokenTypes_Keyword
1:9-14 SemanticTokenTypes_Type
1:15-17 SemanticTokenTypes_Keyword
1:18-21 SemanticTokenTypes_Keyword
1:22-24 SemanticTokenTypes_Keyword
2:5-13 SemanticTokenTypes_Class
2:14-17 SemanticTokenTypes_Keyword
2:18-22 SemanticTokenTypes_Variable
2:23-25 SemanticTokenTypes_Keyword
2:26-27 SemanticTokenTypes_Keyword
2:28-34 SemanticTokenTypes_Type
3:5-11 SemanticTokenTypes_Class
3:14-17 SemanticTokenTypes_Keyword
3:18-22 SemanticTokenTypes_Variable
3:23-25 SemanticTokenTypes_Keyword
3:26-27 SemanticTokenTypes_Keyword
3:28-34 SemanticTokenTypes_Type
5:1-8 SemanticTokenTypes_Keyword
5:9-15 SemanticTokenTypes_Type
5:16-18 SemanticTokenTypes_Keyword
5:19-22 SemanticTokenTypes_Keyword
5:23-25 SemanticTokenTypes_Keyword
6:5-9 SemanticTokenTypes_Class
6:10-13 SemanticTokenTypes_Keyword
6:14-20 SemanticTokenTypes_Variable
6:21-23 SemanticTokenTypes_Keyword
6:24-26 SemanticTokenTypes_Keyword
6:27-32 SemanticTokenTypes_Type
8:1-12 SemanticTokenTypes_Variable
8:13-18 SemanticTokenTypes_Keyword
8:19-21 SemanticTokenTypes_Number
9:1-12 SemanticTokenTypes_Variable
9:13-18 SemanticTokenTypes_Keyword
9:19-27 SemanticTokenTypes_Variable
9:28-30 SemanticTokenTypes_Keyword
9:31-38 SemanticTokenTypes_String
11:1-7 SemanticTokenTypes_Keyword
11:8-9 SemanticTokenTypes_Keyword
11:10-17 SemanticTokenTypes_Type
11:18-23 SemanticTokenTypes_Type
11:24-30 SemanticTokenTypes_Type
12:1-9 SemanticTokenTypes_Variable
12:10-15 SemanticTokenTypes_Keyword
13:5-10 SemanticTokenTypes_Keyword
13:11-17 SemanticTokenTypes_Variable
13:18-19 SemanticTokenTypes_Variable
14:9-13 SemanticTokenTypes_Keyword
14:16-20 SemanticTokenTypes_Variable
14:21-22 SemanticTokenTypes_Operator
14:22-29 SemanticTokenTypes_Keyword
14:30-31 SemanticTokenTypes_Variable
14:31-32 SemanticTokenTypes_Operator
15:9-15 SemanticTokenTypes_Keyword
15:16-18 SemanticTokenTypes_Number
15:19-21 SemanticTokenTypes_Keyword
15:22-25 SemanticTokenTypes_Keyword
15:26-32 SemanticTokenTypes_Keyword
16:9-13 SemanticTokenTypes_Keyword
16:16-19 SemanticTokenTypes_Keyword
16:20-24 SemanticTokenTypes_Keyword
16:25-31 SemanticTokenTypes_Keyword
16:32-34 SemanticTokenTypes_Number
16:35-37 SemanticTokenTypes_Keyword
16:38-49 SemanticTokenTypes_Variable
17:9-14 SemanticTokenTypes_Keyword
17:16-17 SemanticTokenTypes_Operator
17:17-22 SemanticTokenTypes_Keyword
17:23-34 SemanticTokenTypes_Variable
17:35-39 SemanticTokenTypes_Keyword
17:40-44 SemanticTokenTypes_Variable
17:45-46 SemanticTokenTypes_Operator
17:46-53 SemanticTokenTypes_Keyword
17:54-65 SemanticTokenTypes_Variable
17:65-66 SemanticTokenTypes_Operator
17:67-73 SemanticTokenTypes_Keyword
17:74-75 SemanticTokenTypes_Number
17:76-78 SemanticTokenTypes_Keyword
17:79-82 SemanticTokenTypes_Keyword
17:83-91 SemanticTokenTypes_Keyword
17:91-92 SemanticTokenTypes_Operator
18:9-13 SemanticTokenTypes_Keyword
18:16-22 SemanticTokenTypes_Keyword

Phase: Check
1:1-8 SemanticTokenTypes_Keyword
1:9-14 SemanticTokenTypes_Type
1:15-17 SemanticTokenTypes_Keyword
1:18-21 SemanticTokenTypes_Keyword
1:22-24 SemanticTokenTypes_Keyword
2:5-13 SemanticTokenTypes_Class
2:14-17 SemanticTokenTypes_Keyword
2:18-22 SemanticTokenTypes_Variable
2:23-25 SemanticTokenTypes_Keyword
2:26-27 SemanticTokenTypes_Keyword
2:28-34 SemanticTokenTypes_Type
3:5-11 SemanticTokenTypes_Class
3:14-17 SemanticTokenTypes_Keyword
3:18-22 SemanticTokenTypes_Variable
3:23-25 SemanticTokenTypes_Keyword
3:26-27 SemanticTokenTypes_Keyword
3:28-34 SemanticTokenTypes_Type
5:1-8 SemanticTokenTypes_Keyword
5:9-15 SemanticTokenTypes_Type
5:16-18 SemanticTokenTypes_Keyword
5:19-22 SemanticTokenTypes_Keyword
5:23-25 SemanticTokenTypes_Keyword
6:5-9 SemanticTokenTypes_Class
6:10-13 SemanticTokenTypes_Keyword
6:14-20 SemanticTokenTypes_Variable
6:21-23 SemanticTokenTypes_Keyword
6:24-26 SemanticTokenTypes_Keyword
6:27-32 SemanticTokenTypes_Type
8:1-12 SemanticTokenTypes_Variable
8:13-18 SemanticTokenTypes_Keyword
8:19-21 SemanticTokenTypes_Number
9:1-12 SemanticTokenTypes_Variable
9:13-18 SemanticTokenTypes_Keyword
9:19-27 SemanticTokenTypes_Class
9:28-30 SemanticTokenTypes_Keyword
9:31-38 SemanticTokenTypes_String
11:1-7 SemanticTokenTypes_Keyword
11:8-9 SemanticTokenTypes_Keyword
11:10-17 SemanticTokenTypes_Type
11:18-23 SemanticTokenTypes_Type
11:24-30 SemanticTokenTypes_Type
12:1-9 SemanticTokenTypes_Variable
12:10-15 SemanticTokenTypes_Keyword
13:5-10 SemanticTokenTypes_Keyword
13:11-17 SemanticTokenTypes_Class
13:18-19 SemanticTokenTypes_Variable
14:9-13 SemanticTokenTypes_Keyword
14:16-20 SemanticTokenTypes_Class
14:21-22 SemanticTokenTypes_Operator
14:22-29 SemanticTokenTypes_Keyword
14:30-31 SemanticTokenTypes_Variable
14:31-32 SemanticTokenTypes_Operator
15:9-15 SemanticTokenTypes_Keyword
15:16-18 SemanticTokenTypes_Number
15:19-21 SemanticTokenTypes_Keyword
15:22-25 SemanticTokenTypes_Keyword
15:26-32 SemanticTokenTypes_Keyword
16:9-13 SemanticTokenTypes_Keyword
16:16-19 SemanticTokenTypes_Keyword
16:20-24 SemanticTokenTypes_Keyword
16:25-31 SemanticTokenTypes_Keyword
16:32-34 SemanticTokenTypes_Number
16:35-37 SemanticTokenTypes_Keyword
16:38-49 SemanticTokenTypes_Variable
17:9-14 SemanticTokenTypes_Keyword
17:16-17 SemanticTokenTypes_Operator
17:17-22 SemanticTokenTypes_Keyword
17:23-34 SemanticTokenTypes_Variable
17:35-39 SemanticTokenTypes_Keyword
17:40-44 SemanticTokenTypes_Class
17:45-46 SemanticTokenTypes_Operator
17:46-53 SemanticTokenTypes_Keyword
17:54-65 SemanticTokenTypes_Variable
17:65-66 SemanticTokenTypes_Operator
17:67-73 SemanticTokenTypes_Keyword
17:74-75 SemanticTokenTypes_Number
17:76-78 SemanticTokenTypes_Keyword
17:79-82 SemanticTokenTypes_Keyword
17:83-91 SemanticTokenTypes_Keyword
17:91-92 SemanticTokenTypes_Operator
18:9-13 SemanticTokenTypes_Keyword
18:16-22 SemanticTokenTypes_Keyword

