Phase: Lexer
1:1-8 SemanticTokenTypes_Keyword
1:9-15 SemanticTokenTypes_Variable
1:16-19 SemanticTokenTypes_Keyword
2:5-8 SemanticTokenTypes_Variable
2:9-11 SemanticTokenTypes_Keyword
2:12-13 SemanticTokenTypes_Keyword
2:14-20 SemanticTokenTypes_Variable
4:1-74 SemanticTokenTypes_Comment
5:1-76 SemanticTokenTypes_Comment
6:1-73 SemanticTokenTypes_Comment
7:1-55 SemanticTokenTypes_Comment
8:1-6 SemanticTokenTypes_Keyword
8:7-8 SemanticTokenTypes_Variable
8:9-11 SemanticTokenTypes_Keyword
8:12-13 SemanticTokenTypes_Keyword
8:14-20 SemanticTokenTypes_Variable
9:1-7 SemanticTokenTypes_Keyword
9:8-9 SemanticTokenTypes_Keyword
9:10-17 SemanticTokenTypes_Variable
10:1-7 SemanticTokenTypes_Keyword
10:8-13 SemanticTokenTypes_Variable
10:14-16 SemanticTokenTypes_Keyword
10:17-20 SemanticTokenTypes_Variable
10:21-23 SemanticTokenTypes_Operator
10:24-26 SemanticTokenTypes_Number
12:1-6 SemanticTokenTypes_Keyword
12:7-8 SemanticTokenTypes_Variable
12:9-11 SemanticTokenTypes_Keyword
12:12-13 SemanticTokenTypes_Keyword
12:14-20 SemanticTokenTypes_Variable
13:1-7 SemanticTokenTypes_Keyword
13:8-9 SemanticTokenTypes_Keyword
13:10-17 SemanticTokenTypes_Variable
14:1-7 SemanticTokenTypes_Keyword
14:8-27 SemanticTokenTypes_Variable
14:28-30 SemanticTokenTypes_Keyword
14:31-32 SemanticTokenTypes_Variable
14:32-34 SemanticTokenTypes_Variable
14:35-38 SemanticTokenTypes_Variable
14:39-41 SemanticTokenTypes_Operator
14:42-44 SemanticTokenTypes_Number

Phase: Parse
1:1-8 SemanticTokenTypes_Keyword
1:9-15 SemanticTokenTypes_Type
1:16-19 SemanticTokenTypes_Keyword
2:5-8 SemanticTokenTypes_Variable
2:9-11 SemanticTokenTypes_Keyword
2:12-13 SemanticTokenTypes_Keyword
2:14-20 SemanticTokenTypes_Type
4:1-74 SemanticTokenTypes_Comment
5:1-76 SemanticTokenTypes_Comment
6:1-73 SemanticTokenTypes_Comment
7:1-55 SemanticTokenTypes_Comment
8:1-6 SemanticTokenTypes_Keyword
8:7-8 SemanticTokenTypes_Variable
8:9-11 SemanticTokenTypes_Keyword
8:12-13 SemanticTokenTypes_Keyword
8:14-20 SemanticTokenTypes_Type
9:1-7 SemanticTokenTypes_Keyword
9:8-9 SemanticTokenTypes_Keyword
9:10-17 SemanticTokenTypes_Type
10:1-7 SemanticTokenTypes_Keyword
10:8-13 SemanticTokenTypes_Variable
10:14-16 SemanticTokenTypes_Keyword
10:17-20 SemanticTokenTypes_Variable
10:21-23 SemanticTokenTypes_Operator
10:24-26 SemanticTokenTypes_Number
12:1-6 SemanticTokenTypes_Keyword
12:7-8 SemanticTokenTypes_Variable
12:9-11 SemanticTokenTypes_Keyword
12:12-13 SemanticTokenTypes_Keyword
12:14-20 SemanticTokenTypes_Type
13:1-7 SemanticTokenTypes_Keyword
13:8-9 SemanticTokenTypes_Keyword
13:10-17 SemanticTokenTypes_Type
14:1-7 SemanticTokenTypes_Keyword
14:8-27 SemanticTokenTypes_Variable
14:28-30 SemanticTokenTypes_Keyword
14:31-32 SemanticTokenTypes_Variable
14:32-34 SemanticTokenTypes_Variable
14:35-38 SemanticTokenTypes_Variable
14:39-41 SemanticTokenTypes_Operator
14:42-44 SemanticTokenTypes_Number

Phase: Check
1:1-8 SemanticTokenTypes_Keyword
1:9-15 SemanticTokenTypes_Type
1:9-15 SemanticTokenTypes_Class
1:16-19 SemanticTokenTypes_Keyword
2:5-8 SemanticTokenTypes_Variable
2:9-11 SemanticTokenTypes_Keyword
2:12-13 SemanticTokenTypes_Keyword
2:14-20 SemanticTokenTypes_Type
4:1-74 SemanticTokenTypes_Comment
5:1-76 SemanticTokenTypes_Comment
6:1-73 SemanticTokenTypes_Comment
7:1-55 SemanticTokenTypes_Comment
8:1-6 SemanticTokenTypes_Keyword
8:7-8 SemanticTokenTypes_Variable
8:9-11 SemanticTokenTypes_Keyword
8:12-13 SemanticTokenTypes_Keyword
8:14-20 SemanticTokenTypes_Type
9:1-7 SemanticTokenTypes_Keyword
9:8-9 SemanticTokenTypes_Keyword
9:10-17 SemanticTokenTypes_Type
10:1-7 SemanticTokenTypes_Keyword
10:8-13 SemanticTokenTypes_Function
10:14-16 SemanticTokenTypes_Keyword
10:17-20 SemanticTokenTypes_Variable
10:21-23 SemanticTokenTypes_Operator
10:24-26 SemanticTokenTypes_Number
12:1-6 SemanticTokenTypes_Keyword
12:7-8 SemanticTokenTypes_Variable
12:9-11 SemanticTokenTypes_Keyword
12:12-13 SemanticTokenTypes_Keyword
12:14-20 SemanticTokenTypes_Type
13:1-7 SemanticTokenTypes_Keyword
13:8-9 SemanticTokenTypes_Keyword
13:10-17 SemanticTokenTypes_Type
14:1-7 SemanticTokenTypes_Keyword
14:8-27 SemanticTokenTypes_Function
14:28-30 SemanticTokenTypes_Keyword
14:31-32 SemanticTokenTypes_Variable
14:32-34 SemanticTokenTypes_Variable
14:35-38 SemanticTokenTypes_Variable
14:39-41 SemanticTokenTypes_Operator
14:42-44 SemanticTokenTypes_Number

