Parsing successful
Typechecking successful
Evaluation successful
regcf.l4:1000:1-50:
  assertion satisfied
regcf.l4:1001:1-52:
  assertion satisfied
regcf.l4:1002:1-55:
  assertion satisfied
regcf.l4:1003:1-56:
  assertion satisfied
regcf.l4:1006:1-87:
  assertion satisfied
regcf.l4:1007:1-82:
  assertion satisfied
regcf.l4:1008:1-104:
  assertion satisfied
regcf.l4:1013:1-83:
  assertion satisfied
regcf.l4:1015:1-87:
  assertion satisfied
regcf.l4:1018:1-92:
  assertion satisfied
regcf.l4:1019:1-92:
  assertion satisfied
regcf.l4:1025:1-68:
  2500
regcf.l4:1026:1-80:
  assertion satisfied
regcf.l4:1029:1-80:
  assertion satisfied
regcf.l4:1034:1-82:
  assertion satisfied
regcf.l4:1038:1-118:
  assertion satisfied
regcf.l4:1039:1-118:
  assertion satisfied
regcf.l4:1042:1-83:
  assertion satisfied
regcf.l4:1045:1-86:
  assertion satisfied
regcf.l4:1048:1-86:
  assertion satisfied
regcf.l4:1052:1-104:
  assertion satisfied
regcf.l4:1053:1-104:
  assertion satisfied
regcf.l4:1056:1-102:
  assertion satisfied
regcf.l4:1072:1-93:
  assertion satisfied
regcf.l4:1073:1-92:
  assertion satisfied
regcf.l4:1076:1-92:
  assertion satisfied
regcf.l4:1079:1-90:
  assertion satisfied
regcf.l4:1082:1-92:
  assertion satisfied
regcf.l4:1083:1-93:
  assertion satisfied
regcf.l4:1084:1-92:
  assertion satisfied
regcf.l4:1088:1-103:
  assertion satisfied
regcf.l4:1089:1-103:
  assertion satisfied
regcf.l4:1093:1-89:
  assertion satisfied
regcf.l4:1094:1-89:
  assertion satisfied
regcf.l4:1095:1-76:
  assertion satisfied
regcf.l4:1097:1-76:
  assertion satisfied
regcf.l4:1098:1-102:
  assertion satisfied
regcf.l4:1123:1-69:
  assertion satisfied
regcf.l4:1124:1-72:
  assertion satisfied
regcf.l4:1125:1-80:
  assertion satisfied
regcf.l4:1129:1-1130:66:
  FULFILLED
regcf.l4:1133:1-1134:66:
  DEONTIC BREACHED:
    party
      Issuer
    who did action
      `advertise the terms of the offering`
    at
      10
    surpassed the deadline of party
      Issuer
    who had to do obligatory action
      MUST NOT `advertise the terms of the offering`
    before their deadline, which was at
      10
regcf.l4:1139:1-100:
  assertion satisfied
regcf.l4:1140:1-100:
  assertion satisfied
regcf.l4:1142:1-127:
  assertion satisfied
regcf.l4:1146:1-136:
  assertion satisfied
regcf.l4:1147:1-136:
  assertion satisfied
regcf.l4:1149:1-136:
  assertion satisfied
regcf.l4:1153:1-1154:62:
  PARTY Issuer MUST `file a Form C-AR annual report` WITHIN `days to file the annual report after fiscal year end` HENCE (`ongoing reporting obligation` OF status, (`annual cycles` MINUS 1))
regcf.l4:1158:1-1159:71:
  FULFILLED
regcf.l4:1162:1-1163:72:
  DEONTIC BREACHED:
    party
      Issuer
    who did action
      `file a Form C-TR termination of reporting`
    at
      30
    surpassed the deadline of party
      Issuer
    who had to do obligatory action
      MUST `file a Form C-TR termination of reporting`
    before their deadline, which was at
      5
regcf.l4:1168:1-64:
  assertion satisfied
regcf.l4:1170:1-64:
  assertion satisfied
regcf.l4:1172:1-63:
  assertion satisfied
regcf.l4:1173:1-92:
  assertion satisfied
regcf.l4:1174:1-92:
  assertion satisfied
regcf.l4:1199:1-120:
  assertion satisfied
regcf.l4:1201:1-119:
  assertion satisfied
regcf.l4:1203:1-120:
  assertion satisfied
regcf.l4:1204:1-119:
  assertion satisfied
regcf.l4:1206:1-113:
  366
regcf.l4:1207:1-113:
  365
regcf.l4:1211:1-1212:58:
  FULFILLED
regcf.l4:1215:1-1216:58:
  DEONTIC BREACHED:
    party
      Purchaser
    who did action
      `transfer the securities`
    at
      200
    surpassed the deadline of party
      Purchaser
    who had to do obligatory action
      MUST NOT `transfer the securities`
    before their deadline, which was at
      200
regcf.l4:1247:1-161:
  assertion satisfied
regcf.l4:1248:1-161:
  assertion satisfied
regcf.l4:1249:1-161:
  assertion satisfied
regcf.l4:1251:1-161:
  assertion satisfied
regcf.l4:1252:1-161:
  assertion satisfied
regcf.l4:1253:1-161:
  assertion satisfied
regcf.l4:1255:1-161:
  assertion satisfied
regcf.l4:1256:1-109:
  assertion satisfied
regcf.l4:1267:1-104:
  assertion satisfied
regcf.l4:1271:1-1272:58:
  FULFILLED
regcf.l4:1316:1-38:
  assertion satisfied
regcf.l4:1317:1-51:
  assertion satisfied
regcf.l4:1318:1-53:
  assertion satisfied
regcf.l4:1319:1-52:
  assertion satisfied
regcf.l4:1320:1-58:
  assertion satisfied
regcf.l4:1345:1-41:
  assertion satisfied
regcf.l4:1346:1-49:
  assertion satisfied
regcf.l4:1347:1-46:
  assertion satisfied
regcf.l4:1356:1-73:
  assertion satisfied
regcf.l4:1357:1-73:
  assertion satisfied
regcf.l4:1373:1-54:
  assertion satisfied
regcf.l4:1374:1-53:
  assertion satisfied
regcf.l4:1385:1-55:
  assertion satisfied
regcf.l4:1393:1-63:
  assertion satisfied
regcf.l4:1407:1-57:
  assertion satisfied
regcf.l4:1408:1-57:
  assertion satisfied
regcf.l4:1420:1-62:
  assertion satisfied
regcf.l4:1421:1-63:
  assertion satisfied
regcf.l4:1434:1-70:
  assertion satisfied
regcf.l4:1435:1-68:
  assertion satisfied
