Parsing successful
Typechecking successful
Evaluation successful
regcf.l4:761:1-50:
  assertion satisfied
regcf.l4:762:1-52:
  assertion satisfied
regcf.l4:763:1-55:
  assertion satisfied
regcf.l4:764:1-56:
  assertion satisfied
regcf.l4:767:1-87:
  assertion satisfied
regcf.l4:768:1-82:
  assertion satisfied
regcf.l4:769:1-104:
  assertion satisfied
regcf.l4:774:1-83:
  assertion satisfied
regcf.l4:776:1-87:
  assertion satisfied
regcf.l4:779:1-92:
  assertion satisfied
regcf.l4:780:1-92:
  assertion satisfied
regcf.l4:786:1-68:
  2500
regcf.l4:787:1-80:
  assertion satisfied
regcf.l4:790:1-80:
  assertion satisfied
regcf.l4:795:1-82:
  assertion satisfied
regcf.l4:799:1-118:
  assertion satisfied
regcf.l4:800:1-118:
  assertion satisfied
regcf.l4:803:1-83:
  assertion satisfied
regcf.l4:806:1-86:
  assertion satisfied
regcf.l4:809:1-86:
  assertion satisfied
regcf.l4:813:1-104:
  assertion satisfied
regcf.l4:814:1-104:
  assertion satisfied
regcf.l4:817:1-102:
  assertion satisfied
regcf.l4:833:1-93:
  assertion satisfied
regcf.l4:834:1-92:
  assertion satisfied
regcf.l4:837:1-92:
  assertion satisfied
regcf.l4:840:1-90:
  assertion satisfied
regcf.l4:843:1-92:
  assertion satisfied
regcf.l4:844:1-93:
  assertion satisfied
regcf.l4:845:1-92:
  assertion satisfied
regcf.l4:849:1-103:
  assertion satisfied
regcf.l4:850:1-103:
  assertion satisfied
regcf.l4:854:1-89:
  assertion satisfied
regcf.l4:855:1-89:
  assertion satisfied
regcf.l4:856:1-76:
  assertion satisfied
regcf.l4:858:1-76:
  assertion satisfied
regcf.l4:859:1-102:
  assertion satisfied
regcf.l4:884:1-69:
  assertion satisfied
regcf.l4:885:1-72:
  assertion satisfied
regcf.l4:886:1-80:
  assertion satisfied
regcf.l4:890:1-891:66:
  FULFILLED
regcf.l4:894:1-895:66:
  DEONTIC BREACHED:
    party
      Issuer
    who did action
      `advertise the terms of the offering`
    at
      10
    surpassed the deadline of party
      Issuer
    who had to do obligatory action
      MUST NOT `advertise the terms of the offering`
    before their deadline, which was at
      10
regcf.l4:900:1-100:
  assertion satisfied
regcf.l4:901:1-100:
  assertion satisfied
regcf.l4:903:1-127:
  assertion satisfied
regcf.l4:907:1-136:
  assertion satisfied
regcf.l4:908:1-136:
  assertion satisfied
regcf.l4:910:1-136:
  assertion satisfied
regcf.l4:914:1-915:62:
  PARTY Issuer
  MUST `file a Form C-AR annual report`
  WITHIN `days to file the annual report after fiscal year end`
  HENCE `ongoing reporting obligation` OF status, (`annual cycles` MINUS 1)
regcf.l4:919:1-920:71:
  FULFILLED
regcf.l4:923:1-924:72:
  DEONTIC BREACHED:
    party
      Issuer
    who did action
      `file a Form C-TR termination of reporting`
    at
      30
    surpassed the deadline of party
      Issuer
    who had to do obligatory action
      MUST `file a Form C-TR termination of reporting`
    before their deadline, which was at
      5
regcf.l4:929:1-64:
  assertion satisfied
regcf.l4:931:1-64:
  assertion satisfied
regcf.l4:933:1-63:
  assertion satisfied
regcf.l4:934:1-92:
  assertion satisfied
regcf.l4:935:1-92:
  assertion satisfied
regcf.l4:939:1-940:58:
  FULFILLED
regcf.l4:943:1-944:58:
  DEONTIC BREACHED:
    party
      Purchaser
    who did action
      `transfer the securities`
    at
      200
    surpassed the deadline of party
      Purchaser
    who had to do obligatory action
      MUST NOT `transfer the securities`
    before their deadline, which was at
      200
regcf.l4:988:1-38:
  assertion satisfied
regcf.l4:989:1-51:
  assertion satisfied
regcf.l4:990:1-53:
  assertion satisfied
regcf.l4:991:1-52:
  assertion satisfied
regcf.l4:992:1-58:
  assertion satisfied
