`rent` with `Landlord`
`rent` with `Tenant` with 1500
`rentAgain` with `Tenant` with 1500
`actorRent` with `Owner`
`actorRent` with `Agent`
`actorRent` with `Renter` with 900
`viaAlias` with `Tenant` with 1500
`dueFrom` with `TRUE` and `Landlord`
`dueFrom` with `FALSE` and `Tenant` with 1500
`held` with `Renter` with 1500
`held` with `Owner` with 4000
`owedOn` with 3 and `Landlord`
`owedOn` with 3 and `Tenant` with 1500
`fromWrap` with `Wrap` with 1 and `Landlord`
`fromWrap` with `Wrap` with 1 and `Tenant` with 1500
`synRent` with `Landlord`
`synRent` with `Tenant` with 1500
`billed` with `Vacant`
`billed` with `Occupied` with 250
