Parsing successful
Typechecking successful
Evaluation successful
deontic-breach-semantics.l4:39:1-40:22:
  DEONTIC BREACHED:
    BREACH
    BY Bob
    BECAUSE "missed second"
deontic-breach-semantics.l4:49:1-50:22:
  DEONTIC BREACHED:
    BREACH
    BY Alice
    BECAUSE "missed first"
deontic-breach-semantics.l4:65:1-66:22:
  DEONTIC BREACHED:
    party
      NEVERMATCHESPARTY
    who did action
      NEVERMATCHESACT
    at
      20
    surpassed the deadline of party
      Bob
    who had to do obligatory action
      MUST deliver
    before their deadline, which was at
      10
deontic-breach-semantics.l4:68:1-69:22:
  DEONTIC BREACHED:
    BREACH
    BY Alice
    BECAUSE "missed payment"
deontic-breach-semantics.l4:79:1-80:21:
  DEONTIC BREACHED:
    BREACH
    BY Alice
    BECAUSE "missed payment" OR PARTY Bob MUST deliver WITHIN 3 HENCE FULFILLED
deontic-breach-semantics.l4:94:1-95:30:
  FULFILLED
deontic-breach-semantics.l4:105:1-106:30:
  FULFILLED
deontic-breach-semantics.l4:117:1-118:30:
  PARTY Alice MUST pay 2 WITHIN 3 HENCE FULFILLED
deontic-breach-semantics.l4:130:1-133:31:
  FULFILLED
deontic-breach-semantics.l4:143:1-144:30:
  FULFILLED
deontic-breach-semantics.l4:156:1-157:32:
  FULFILLED
deontic-breach-semantics.l4:160:1-161:19:
  PARTY Alice MUST pay 100 WITHIN 0 HENCE FULFILLED
deontic-breach-semantics.l4:164:1-165:19:
  DEONTIC BREACHED:
    party
      NEVERMATCHESPARTY
    who did action
      NEVERMATCHESACT
    at
      6
    surpassed the deadline of party
      Alice
    who had to do obligatory action
      MUST pay 100
    before their deadline, which was at
      5
deontic-breach-semantics.l4:174:1-175:31:
  DEONTIC BREACHED:
    party
      Alice
    who did action
      smoke
    at
      30
    surpassed the deadline of party
      Alice
    who had to do obligatory action
      MUST NOT smoke
    before their deadline, which was at
      30
deontic-breach-semantics.l4:178:1-179:20:
  FULFILLED
deontic-breach-semantics.l4:190:1-191:33:
  FULFILLED
deontic-breach-semantics.l4:211:1-212:31:
  FULFILLED
deontic-breach-semantics.l4:216:1-217:33:
  PARTY Bob MUST deliver WITHIN 10 HENCE FULFILLED
deontic-breach-semantics.l4:225:1-226:19:
  FULFILLED
deontic-breach-semantics.l4:245:1-246:30:
  PARTY Alice MUST pay 1 WITHIN (0 MINUS 1) HENCE FULFILLED LEST `recursive lest`
