Parsing successful
Typechecking successful
Evaluation successful
not-reach-accepted.l4:58:1-25:
  FALSE
not-reach-accepted.l4:59:1-23:
  TRUE
not-reach-accepted.l4:60:1-26:
  FALSE
not-reach-accepted.l4:61:1-28:
  TRUE
not-reach-accepted.l4:62:1-30:
  FALSE
not-reach-accepted.l4:63:1-28:
  TRUE
not-reach-accepted.l4:64:1-36:
  TRUE
not-reach-accepted.l4:65:1-32:
  TRUE
not-reach-accepted.l4:66:1-31:
  FALSE
not-reach-accepted.l4:67:1-18:
  FALSE
not-reach-accepted.l4:68:1-18:
  TRUE
not-reach-accepted.l4:71:1-33:
  assertion satisfied
not-reach-accepted.l4:72:1-25:
  assertion satisfied
not-reach-accepted.l4:73:1-34:
  assertion satisfied
not-reach-accepted.l4:74:1-30:
  assertion satisfied
not-reach-accepted.l4:75:1-38:
  assertion satisfied
not-reach-accepted.l4:76:1-30:
  assertion satisfied
