Parsing successful
Typechecking successful
Evaluation successful
set-operators-overloads.l4:24:1-25:
  3
set-operators-overloads.l4:25:1-33:
  TRUE
set-operators-overloads.l4:35:1-31:
  FALSE
set-operators-overloads.l4:42:1-27:
  4
set-operators-overloads.l4:43:1-28:
  1
set-operators-overloads.l4:45:1-36:
  1
set-operators-overloads.l4:47:1-38:
  LIST 1
set-operators-overloads.l4:49:1-16:
  3
set-operators-overloads.l4:50:1-15:
  7
set-operators-overloads.l4:57:1-74:
  TRUE
set-operators-overloads.l4:58:1-68:
  FALSE
set-operators-overloads.l4:60:1-19:
  TRUE
set-operators-overloads.l4:61:1-21:
  FALSE
