Parsing successful
Typechecking successful
signatures.l4:13:8-9:
  I found a problem while checking the assumption of `f`:
    ASSUME is an older way of introducing a name, and it is being retired.
    Nothing is broken: the file still checks, runs and exports as before.
    This one leaves
    
      `f`
    
    open for somebody outside the file to supply. Say that
    with a GIVEN indented under the heading of the section whose rules
    read it (add a § heading if the file has none):
    
      § <heading>
          GIVEN f IS A FUNCTION FROM BOOLEAN TO BOOLEAN
    
    (If this ASSUME instead marked a case the rules cannot answer, that is
    REFUSE "<the reason>" -- see doc/reference/control-flow/REFUSE.md.)
    
    The manual explains the move: doc/reference/types/ASSUME.md.
signatures.l4:16:8-9:
  I found a problem while checking the assumption of `T`:
    ASSUME is an older way of introducing a name, and it is being retired.
    Nothing is broken: the file still checks, runs and exports as before.
    This one names a kind of thing
    
      `T`
    
    without saying what it is made of. Write that as a DECLARE with no
    parts listed:
    
      DECLARE T x
    
    The manual explains the move: doc/reference/types/DECLARE.md,
    under Opaque Types (a type that is named but not described).
signatures.l4:20:8-9:
  I found a problem while checking the assumption of `h`:
    ASSUME is an older way of introducing a name, and it is being retired.
    Nothing is broken: the file still checks, runs and exports as before.
    This one leaves
    
      `h`
    
    open for somebody outside the file to supply. Say that
    with a GIVEN indented under the heading of the section whose rules
    read it (add a § heading if the file has none):
    
      § <heading>
          GIVEN h IS A FUNCTION FROM BOOLEAN TO NUMBER
    
    (If this ASSUME instead marked a case the rules cannot answer, that is
    REFUSE "<the reason>" -- see doc/reference/control-flow/REFUSE.md.)
    
    The manual explains the move: doc/reference/types/ASSUME.md.
signatures.l4:22:1-9:
  FUNCTION FROM BOOLEAN TO BOOLEAN
signatures.l4:23:1-9:
  T OF NUMBER
signatures.l4:24:1-9:
  FUNCTION FROM BOOLEAN TO NUMBER
