Parsing successful
Typechecking successful
Evaluation successful
temporal-rule-version-spike.l4:32:1-65:
  7
temporal-rule-version-spike.l4:35:1-65:
  9
temporal-rule-version-spike.l4:39:1-65:
  7
temporal-rule-version-spike.l4:42:1-17:
  9
temporal-rule-version-spike.l4:45:1-78:
  70
temporal-rule-version-spike.l4:48:1-78:
  90
temporal-rule-version-spike.l4:51:1-60:
  7
temporal-rule-version-spike.l4:54:1-60:
  9
