Parsing successful
Typechecking successful
Evaluation successful
miles-card.l4:90:1-141:
  10.08
miles-card.l4:91:1-149:
  4
miles-card.l4:92:1-163:
  TRUE
miles-card.l4:93:1-144:
  0.4
miles-card.l4:97:1-156:
  assertion satisfied
miles-card.l4:98:1-160:
  assertion satisfied
miles-card.l4:99:1-165:
  assertion satisfied
miles-card.l4:100:1-157:
  assertion satisfied
