Parsing successful
Typechecking successful
Evaluation successful
guardianship-of-infants-act.l4:3443:1-114:
  assertion satisfied
guardianship-of-infants-act.l4:3444:1-115:
  assertion satisfied
guardianship-of-infants-act.l4:3448:1-114:
  assertion satisfied
guardianship-of-infants-act.l4:3449:1-115:
  assertion satisfied
guardianship-of-infants-act.l4:3451:1-131:
  assertion satisfied
guardianship-of-infants-act.l4:3452:1-154:
  assertion satisfied
guardianship-of-infants-act.l4:3453:1-154:
  assertion satisfied
guardianship-of-infants-act.l4:3455:1-141:
  assertion satisfied
guardianship-of-infants-act.l4:3459:1-80:
  assertion satisfied
guardianship-of-infants-act.l4:3463:1-141:
  assertion satisfied
guardianship-of-infants-act.l4:3464:1-165:
  assertion satisfied
guardianship-of-infants-act.l4:3466:1-86:
  assertion satisfied
guardianship-of-infants-act.l4:3467:1-90:
  assertion satisfied
guardianship-of-infants-act.l4:3472:1-135:
  assertion satisfied
guardianship-of-infants-act.l4:3473:1-76:
  assertion satisfied
guardianship-of-infants-act.l4:3474:1-80:
  assertion satisfied
guardianship-of-infants-act.l4:3477:1-82:
  assertion satisfied
guardianship-of-infants-act.l4:3478:1-85:
  assertion satisfied
guardianship-of-infants-act.l4:3479:1-136:
  assertion satisfied
guardianship-of-infants-act.l4:3480:1-95:
  assertion satisfied
guardianship-of-infants-act.l4:3481:1-91:
  assertion satisfied
guardianship-of-infants-act.l4:3483:1-162:
  assertion satisfied
guardianship-of-infants-act.l4:3484:1-173:
  assertion satisfied
guardianship-of-infants-act.l4:3487:1-103:
  assertion satisfied
guardianship-of-infants-act.l4:3488:1-116:
  assertion satisfied
guardianship-of-infants-act.l4:3490:1-306:
  assertion satisfied
guardianship-of-infants-act.l4:3491:1-314:
  assertion satisfied
guardianship-of-infants-act.l4:3494:1-208:
  assertion satisfied
guardianship-of-infants-act.l4:3495:1-244:
  assertion satisfied
guardianship-of-infants-act.l4:3502:1-106:
  assertion satisfied
guardianship-of-infants-act.l4:3503:1-107:
  assertion satisfied
guardianship-of-infants-act.l4:3504:1-106:
  assertion satisfied
guardianship-of-infants-act.l4:3505:1-107:
  assertion satisfied
guardianship-of-infants-act.l4:3511:1-137:
  assertion satisfied
guardianship-of-infants-act.l4:3512:1-137:
  assertion satisfied
guardianship-of-infants-act.l4:3513:1-208:
  assertion satisfied
guardianship-of-infants-act.l4:3515:1-164:
  assertion satisfied
guardianship-of-infants-act.l4:3516:1-149:
  assertion satisfied
guardianship-of-infants-act.l4:3520:1-173:
  assertion satisfied
guardianship-of-infants-act.l4:3521:1-147:
  assertion satisfied
guardianship-of-infants-act.l4:3522:1-129:
  assertion satisfied
guardianship-of-infants-act.l4:3525:1-171:
  assertion satisfied
guardianship-of-infants-act.l4:3526:1-145:
  assertion satisfied
guardianship-of-infants-act.l4:3527:1-127:
  assertion satisfied
guardianship-of-infants-act.l4:3537:1-94:
  assertion satisfied
guardianship-of-infants-act.l4:3538:1-96:
  assertion satisfied
guardianship-of-infants-act.l4:3539:1-139:
  assertion satisfied
guardianship-of-infants-act.l4:3540:1-169:
  assertion satisfied
guardianship-of-infants-act.l4:3543:1-217:
  assertion satisfied
guardianship-of-infants-act.l4:3544:1-158:
  assertion satisfied
guardianship-of-infants-act.l4:3554:1-149:
  assertion satisfied
guardianship-of-infants-act.l4:3555:1-150:
  assertion satisfied
guardianship-of-infants-act.l4:3556:1-176:
  assertion satisfied
guardianship-of-infants-act.l4:3557:1-193:
  assertion satisfied
guardianship-of-infants-act.l4:3558:1-146:
  assertion satisfied
guardianship-of-infants-act.l4:3563:1-133:
  assertion satisfied
guardianship-of-infants-act.l4:3564:1-209:
  assertion satisfied
guardianship-of-infants-act.l4:3565:1-164:
  assertion satisfied
guardianship-of-infants-act.l4:3566:1-150:
  assertion satisfied
guardianship-of-infants-act.l4:3569:1-183:
  assertion satisfied
guardianship-of-infants-act.l4:3570:1-157:
  assertion satisfied
guardianship-of-infants-act.l4:3571:1-139:
  assertion satisfied
guardianship-of-infants-act.l4:3581:1-106:
  assertion satisfied
guardianship-of-infants-act.l4:3582:1-182:
  assertion satisfied
guardianship-of-infants-act.l4:3583:1-156:
  assertion satisfied
guardianship-of-infants-act.l4:3584:1-138:
  assertion satisfied
guardianship-of-infants-act.l4:3591:1-114:
  assertion satisfied
guardianship-of-infants-act.l4:3592:1-176:
  assertion satisfied
guardianship-of-infants-act.l4:3596:1-134:
  assertion satisfied
guardianship-of-infants-act.l4:3597:1-178:
  assertion satisfied
guardianship-of-infants-act.l4:3598:1-137:
  assertion satisfied
guardianship-of-infants-act.l4:3603:1-106:
  assertion satisfied
guardianship-of-infants-act.l4:3604:1-122:
  assertion satisfied
guardianship-of-infants-act.l4:3605:1-168:
  assertion satisfied
guardianship-of-infants-act.l4:3610:1-98:
  assertion satisfied
guardianship-of-infants-act.l4:3611:1-110:
  assertion satisfied
guardianship-of-infants-act.l4:3612:1-160:
  assertion satisfied
guardianship-of-infants-act.l4:3618:1-98:
  assertion satisfied
guardianship-of-infants-act.l4:3619:1-110:
  assertion satisfied
guardianship-of-infants-act.l4:3620:1-160:
  assertion satisfied
guardianship-of-infants-act.l4:3621:1-108:
  assertion satisfied
guardianship-of-infants-act.l4:3627:1-140:
  assertion satisfied
guardianship-of-infants-act.l4:3628:1-136:
  assertion satisfied
guardianship-of-infants-act.l4:3633:1-161:
  assertion satisfied
guardianship-of-infants-act.l4:3636:1-96:
  assertion satisfied
guardianship-of-infants-act.l4:3637:1-112:
  assertion satisfied
guardianship-of-infants-act.l4:3638:1-162:
  assertion satisfied
guardianship-of-infants-act.l4:3642:1-103:
  assertion satisfied
guardianship-of-infants-act.l4:3643:1-123:
  assertion satisfied
guardianship-of-infants-act.l4:3644:1-169:
  assertion satisfied
guardianship-of-infants-act.l4:3654:1-116:
  assertion satisfied
guardianship-of-infants-act.l4:3655:1-162:
  assertion satisfied
guardianship-of-infants-act.l4:3656:1-132:
  assertion satisfied
guardianship-of-infants-act.l4:3657:1-122:
  assertion satisfied
guardianship-of-infants-act.l4:3658:1-168:
  assertion satisfied
guardianship-of-infants-act.l4:3659:1-138:
  assertion satisfied
guardianship-of-infants-act.l4:3670:1-120:
  assertion satisfied
guardianship-of-infants-act.l4:3671:1-130:
  assertion satisfied
guardianship-of-infants-act.l4:3672:1-108:
  assertion satisfied
guardianship-of-infants-act.l4:3673:1-122:
  assertion satisfied
guardianship-of-infants-act.l4:3674:1-143:
  assertion satisfied
guardianship-of-infants-act.l4:3676:1-122:
  assertion satisfied
guardianship-of-infants-act.l4:3686:1-110:
  assertion satisfied
guardianship-of-infants-act.l4:3687:1-117:
  assertion satisfied
guardianship-of-infants-act.l4:3688:1-137:
  assertion satisfied
guardianship-of-infants-act.l4:3694:1-127:
  assertion satisfied
guardianship-of-infants-act.l4:3695:1-107:
  assertion satisfied
guardianship-of-infants-act.l4:3701:1-121:
  assertion satisfied
guardianship-of-infants-act.l4:3706:1-121:
  assertion satisfied
guardianship-of-infants-act.l4:3707:1-117:
  assertion satisfied
guardianship-of-infants-act.l4:3716:1-189:
  assertion satisfied
guardianship-of-infants-act.l4:3717:1-135:
  assertion satisfied
guardianship-of-infants-act.l4:3718:1-140:
  assertion satisfied
guardianship-of-infants-act.l4:3719:1-183:
  assertion satisfied
guardianship-of-infants-act.l4:3720:1-142:
  assertion satisfied
guardianship-of-infants-act.l4:3724:1-166:
  assertion satisfied
guardianship-of-infants-act.l4:3728:1-190:
  assertion satisfied
guardianship-of-infants-act.l4:3729:1-133:
  assertion satisfied
guardianship-of-infants-act.l4:3730:1-141:
  assertion satisfied
guardianship-of-infants-act.l4:3740:1-195:
  assertion satisfied
guardianship-of-infants-act.l4:3741:1-194:
  assertion satisfied
guardianship-of-infants-act.l4:3742:1-137:
  assertion satisfied
guardianship-of-infants-act.l4:3743:1-145:
  assertion satisfied
guardianship-of-infants-act.l4:3746:1-133:
  assertion satisfied
guardianship-of-infants-act.l4:3747:1-141:
  assertion satisfied
guardianship-of-infants-act.l4:3748:1-132:
  assertion satisfied
guardianship-of-infants-act.l4:3749:1-137:
  assertion satisfied
guardianship-of-infants-act.l4:3750:1-133:
  assertion satisfied
guardianship-of-infants-act.l4:3756:1-207:
  assertion satisfied
guardianship-of-infants-act.l4:3757:1-232:
  assertion satisfied
guardianship-of-infants-act.l4:3758:1-263:
  assertion satisfied
guardianship-of-infants-act.l4:3764:1-192:
  assertion satisfied
guardianship-of-infants-act.l4:3765:1-221:
  assertion satisfied
guardianship-of-infants-act.l4:3766:1-261:
  assertion satisfied
guardianship-of-infants-act.l4:3767:1-188:
  assertion satisfied
guardianship-of-infants-act.l4:3768:1-137:
  assertion satisfied
guardianship-of-infants-act.l4:3774:1-188:
  assertion satisfied
guardianship-of-infants-act.l4:3775:1-217:
  assertion satisfied
guardianship-of-infants-act.l4:3776:1-248:
  assertion satisfied
guardianship-of-infants-act.l4:3779:1-207:
  assertion satisfied
guardianship-of-infants-act.l4:3790:1-215:
  assertion satisfied
guardianship-of-infants-act.l4:3791:1-244:
  assertion satisfied
guardianship-of-infants-act.l4:3793:1-267:
  assertion satisfied
guardianship-of-infants-act.l4:3812:1-241:
  assertion satisfied
guardianship-of-infants-act.l4:3813:1-237:
  assertion satisfied
guardianship-of-infants-act.l4:3817:1-236:
  assertion satisfied
guardianship-of-infants-act.l4:3818:1-236:
  assertion satisfied
guardianship-of-infants-act.l4:3820:1-154:
  assertion satisfied
guardianship-of-infants-act.l4:3821:1-233:
  assertion satisfied
guardianship-of-infants-act.l4:3824:1-151:
  assertion satisfied
guardianship-of-infants-act.l4:3825:1-229:
  assertion satisfied
guardianship-of-infants-act.l4:3826:1-191:
  assertion satisfied
guardianship-of-infants-act.l4:3828:1-147:
  assertion satisfied
guardianship-of-infants-act.l4:3829:1-203:
  assertion satisfied
guardianship-of-infants-act.l4:3830:1-173:
  assertion satisfied
guardianship-of-infants-act.l4:3838:1-223:
  assertion satisfied
guardianship-of-infants-act.l4:3839:1-248:
  assertion satisfied
guardianship-of-infants-act.l4:3840:1-292:
  assertion satisfied
guardianship-of-infants-act.l4:3845:1-108:
  assertion satisfied
guardianship-of-infants-act.l4:3846:1-112:
  assertion satisfied
guardianship-of-infants-act.l4:3847:1-200:
  assertion satisfied
guardianship-of-infants-act.l4:3848:1-223:
  assertion satisfied
guardianship-of-infants-act.l4:3849:1-141:
  assertion satisfied
guardianship-of-infants-act.l4:3859:1-262:
  assertion satisfied
guardianship-of-infants-act.l4:3860:1-151:
  assertion satisfied
guardianship-of-infants-act.l4:3861:1-135:
  assertion satisfied
guardianship-of-infants-act.l4:3865:1-202:
  assertion satisfied
guardianship-of-infants-act.l4:3866:1-204:
  assertion satisfied
guardianship-of-infants-act.l4:3870:1-117:
  assertion satisfied
guardianship-of-infants-act.l4:3871:1-101:
  assertion satisfied
guardianship-of-infants-act.l4:3872:1-152:
  assertion satisfied
guardianship-of-infants-act.l4:3873:1-254:
  assertion satisfied
guardianship-of-infants-act.l4:3874:1-147:
  assertion satisfied
guardianship-of-infants-act.l4:3879:1-110:
  assertion satisfied
guardianship-of-infants-act.l4:3880:1-129:
  assertion satisfied
guardianship-of-infants-act.l4:3881:1-113:
  assertion satisfied
guardianship-of-infants-act.l4:3882:1-147:
  assertion satisfied
guardianship-of-infants-act.l4:3883:1-283:
  assertion satisfied
guardianship-of-infants-act.l4:3888:1-127:
  assertion satisfied
guardianship-of-infants-act.l4:3889:1-116:
  assertion satisfied
guardianship-of-infants-act.l4:3890:1-115:
  assertion satisfied
guardianship-of-infants-act.l4:3891:1-149:
  assertion satisfied
guardianship-of-infants-act.l4:3894:1-259:
  assertion satisfied
guardianship-of-infants-act.l4:3895:1-159:
  assertion satisfied
guardianship-of-infants-act.l4:3903:1-114:
  assertion satisfied
guardianship-of-infants-act.l4:3904:1-124:
  assertion satisfied
guardianship-of-infants-act.l4:3905:1-102:
  assertion satisfied
guardianship-of-infants-act.l4:3906:1-121:
  assertion satisfied
guardianship-of-infants-act.l4:3907:1-105:
  assertion satisfied
guardianship-of-infants-act.l4:3908:1-139:
  assertion satisfied
guardianship-of-infants-act.l4:3909:1-244:
  assertion satisfied
guardianship-of-infants-act.l4:3910:1-140:
  assertion satisfied
guardianship-of-infants-act.l4:3914:1-163:
  assertion satisfied
guardianship-of-infants-act.l4:3915:1-189:
  assertion satisfied
guardianship-of-infants-act.l4:3916:1-328:
  assertion satisfied
guardianship-of-infants-act.l4:3917:1-257:
  assertion satisfied
guardianship-of-infants-act.l4:3918:1-162:
  assertion satisfied
guardianship-of-infants-act.l4:3921:1-179:
  assertion satisfied
guardianship-of-infants-act.l4:3922:1-272:
  assertion satisfied
guardianship-of-infants-act.l4:3926:1-147:
  assertion satisfied
guardianship-of-infants-act.l4:3927:1-283:
  assertion satisfied
guardianship-of-infants-act.l4:3935:1-147:
  assertion satisfied
guardianship-of-infants-act.l4:3936:1-283:
  assertion satisfied
guardianship-of-infants-act.l4:3937:1-148:
  assertion satisfied
guardianship-of-infants-act.l4:3948:1-163:
  assertion satisfied
guardianship-of-infants-act.l4:3949:1-188:
  assertion satisfied
guardianship-of-infants-act.l4:3950:1-328:
  assertion satisfied
guardianship-of-infants-act.l4:3951:1-161:
  assertion satisfied
guardianship-of-infants-act.l4:3964:1-127:
  assertion satisfied
guardianship-of-infants-act.l4:3965:1-353:
  assertion satisfied
guardianship-of-infants-act.l4:3966:1-126:
  assertion satisfied
guardianship-of-infants-act.l4:3967:1-107:
  assertion satisfied
guardianship-of-infants-act.l4:3968:1-121:
  assertion satisfied
guardianship-of-infants-act.l4:3969:1-347:
  assertion satisfied
guardianship-of-infants-act.l4:3970:1-120:
  assertion satisfied
guardianship-of-infants-act.l4:3971:1-101:
  assertion satisfied
guardianship-of-infants-act.l4:3975:1-303:
  assertion satisfied
guardianship-of-infants-act.l4:3976:1-159:
  assertion satisfied
guardianship-of-infants-act.l4:3979:1-257:
  assertion satisfied
guardianship-of-infants-act.l4:3980:1-142:
  assertion satisfied
guardianship-of-infants-act.l4:3983:1-237:
  assertion satisfied
guardianship-of-infants-act.l4:3984:1-133:
  assertion satisfied
guardianship-of-infants-act.l4:3987:1-114:
  assertion satisfied
guardianship-of-infants-act.l4:3988:1-140:
  assertion satisfied
guardianship-of-infants-act.l4:3997:1-247:
  assertion satisfied
guardianship-of-infants-act.l4:3998:1-160:
  assertion satisfied
guardianship-of-infants-act.l4:3999:1-186:
  assertion satisfied
guardianship-of-infants-act.l4:4000:1-142:
  assertion satisfied
guardianship-of-infants-act.l4:4005:1-151:
  assertion satisfied
guardianship-of-infants-act.l4:4009:1-244:
  assertion satisfied
guardianship-of-infants-act.l4:4010:1-258:
  assertion satisfied
guardianship-of-infants-act.l4:4011:1-243:
  assertion satisfied
guardianship-of-infants-act.l4:4012:1-243:
  assertion satisfied
guardianship-of-infants-act.l4:4015:1-270:
  assertion satisfied
guardianship-of-infants-act.l4:4016:1-138:
  assertion satisfied
guardianship-of-infants-act.l4:4026:1-141:
  assertion satisfied
guardianship-of-infants-act.l4:4027:1-290:
  assertion satisfied
guardianship-of-infants-act.l4:4028:1-149:
  assertion satisfied
guardianship-of-infants-act.l4:4029:1-141:
  assertion satisfied
guardianship-of-infants-act.l4:4030:1-290:
  assertion satisfied
guardianship-of-infants-act.l4:4031:1-149:
  assertion satisfied
guardianship-of-infants-act.l4:4042:1-151:
  assertion satisfied
guardianship-of-infants-act.l4:4043:1-125:
  assertion satisfied
guardianship-of-infants-act.l4:4044:1-255:
  assertion satisfied
guardianship-of-infants-act.l4:4045:1-136:
  assertion satisfied
guardianship-of-infants-act.l4:4052:1-134:
  assertion satisfied
guardianship-of-infants-act.l4:4053:1-108:
  assertion satisfied
guardianship-of-infants-act.l4:4054:1-154:
  assertion satisfied
guardianship-of-infants-act.l4:4055:1-240:
  assertion satisfied
guardianship-of-infants-act.l4:4056:1-158:
  assertion satisfied
guardianship-of-infants-act.l4:4057:1-154:
  assertion satisfied
guardianship-of-infants-act.l4:4058:1-156:
  assertion satisfied
guardianship-of-infants-act.l4:4059:1-137:
  assertion satisfied
guardianship-of-infants-act.l4:4060:1-167:
  assertion satisfied
guardianship-of-infants-act.l4:4061:1-149:
  assertion satisfied
guardianship-of-infants-act.l4:4062:1-158:
  assertion satisfied
guardianship-of-infants-act.l4:4063:1-187:
  assertion satisfied
guardianship-of-infants-act.l4:4064:1-135:
  assertion satisfied
guardianship-of-infants-act.l4:4065:1-138:
  assertion satisfied
guardianship-of-infants-act.l4:4066:1-139:
  assertion satisfied
guardianship-of-infants-act.l4:4067:1-130:
  assertion satisfied
guardianship-of-infants-act.l4:4073:1-138:
  assertion satisfied
guardianship-of-infants-act.l4:4074:1-127:
  assertion satisfied
guardianship-of-infants-act.l4:4076:1-150:
  assertion satisfied
guardianship-of-infants-act.l4:4078:1-132:
  assertion satisfied
guardianship-of-infants-act.l4:4079:1-132:
  assertion satisfied
guardianship-of-infants-act.l4:4081:1-133:
  assertion satisfied
guardianship-of-infants-act.l4:4091:1-148:
  assertion satisfied
guardianship-of-infants-act.l4:4095:1-121:
  assertion satisfied
guardianship-of-infants-act.l4:4097:1-155:
  assertion satisfied
guardianship-of-infants-act.l4:4098:1-156:
  assertion satisfied
guardianship-of-infants-act.l4:4099:1-140:
  assertion satisfied
guardianship-of-infants-act.l4:4148:1-121:
  assertion satisfied
guardianship-of-infants-act.l4:4151:1-140:
  assertion satisfied
guardianship-of-infants-act.l4:4155:1-153:
  assertion satisfied
guardianship-of-infants-act.l4:4156:1-144:
  assertion satisfied
guardianship-of-infants-act.l4:4158:1-131:
  assertion satisfied
guardianship-of-infants-act.l4:4161:1-129:
  assertion satisfied
guardianship-of-infants-act.l4:4164:1-139:
  assertion satisfied
guardianship-of-infants-act.l4:4165:1-140:
  assertion satisfied
guardianship-of-infants-act.l4:4166:1-112:
  assertion satisfied
guardianship-of-infants-act.l4:4167:1-113:
  assertion satisfied
guardianship-of-infants-act.l4:4168:1-112:
  assertion satisfied
guardianship-of-infants-act.l4:4174:1-112:
  assertion satisfied
guardianship-of-infants-act.l4:4177:1-112:
  assertion satisfied
guardianship-of-infants-act.l4:4178:1-233:
  assertion satisfied
guardianship-of-infants-act.l4:4180:1-120:
  assertion satisfied
guardianship-of-infants-act.l4:4182:1-108:
  assertion satisfied
guardianship-of-infants-act.l4:4183:1-233:
  assertion satisfied
guardianship-of-infants-act.l4:4184:1-194:
  assertion satisfied
guardianship-of-infants-act.l4:4185:1-173:
  assertion satisfied
guardianship-of-infants-act.l4:4186:1-142:
  assertion satisfied
guardianship-of-infants-act.l4:4193:1-115:
  assertion satisfied
guardianship-of-infants-act.l4:4194:1-105:
  assertion satisfied
guardianship-of-infants-act.l4:4195:1-104:
  assertion satisfied
guardianship-of-infants-act.l4:4196:1-117:
  assertion satisfied
guardianship-of-infants-act.l4:4197:1-105:
  assertion satisfied
guardianship-of-infants-act.l4:4199:1-128:
  assertion satisfied
guardianship-of-infants-act.l4:4200:1-139:
  assertion satisfied
guardianship-of-infants-act.l4:4201:1-145:
  assertion satisfied
guardianship-of-infants-act.l4:4204:1-141:
  assertion satisfied
guardianship-of-infants-act.l4:4205:1-152:
  assertion satisfied
guardianship-of-infants-act.l4:4208:1-93:
  assertion satisfied
guardianship-of-infants-act.l4:4209:1-108:
  assertion satisfied
guardianship-of-infants-act.l4:4216:1-106:
  assertion satisfied
guardianship-of-infants-act.l4:4217:1-130:
  assertion satisfied
guardianship-of-infants-act.l4:4224:1-119:
  assertion satisfied
guardianship-of-infants-act.l4:4225:1-117:
  assertion satisfied
guardianship-of-infants-act.l4:4226:1-122:
  assertion satisfied
guardianship-of-infants-act.l4:4227:1-113:
  assertion satisfied
guardianship-of-infants-act.l4:4228:1-119:
  assertion satisfied
guardianship-of-infants-act.l4:4229:1-120:
  assertion satisfied
guardianship-of-infants-act.l4:4231:1-110:
  assertion satisfied
guardianship-of-infants-act.l4:4232:1-111:
  assertion satisfied
guardianship-of-infants-act.l4:4233:1-133:
  assertion satisfied
guardianship-of-infants-act.l4:4234:1-134:
  assertion satisfied
guardianship-of-infants-act.l4:4238:1-155:
  assertion satisfied
guardianship-of-infants-act.l4:4239:1-124:
  assertion satisfied
guardianship-of-infants-act.l4:4240:1-115:
  assertion satisfied
guardianship-of-infants-act.l4:4241:1-153:
  assertion satisfied
guardianship-of-infants-act.l4:4242:1-113:
  assertion satisfied
guardianship-of-infants-act.l4:4244:1-165:
  assertion satisfied
guardianship-of-infants-act.l4:4245:1-125:
  assertion satisfied
guardianship-of-infants-act.l4:4251:1-176:
  assertion satisfied
guardianship-of-infants-act.l4:4252:1-145:
  assertion satisfied
guardianship-of-infants-act.l4:4253:1-136:
  assertion satisfied
guardianship-of-infants-act.l4:4258:1-126:
  assertion satisfied
guardianship-of-infants-act.l4:4259:1-121:
  assertion satisfied
guardianship-of-infants-act.l4:4261:1-73:
  assertion satisfied
guardianship-of-infants-act.l4:4262:1-74:
  assertion satisfied
guardianship-of-infants-act.l4:4266:1-149:
  assertion satisfied
guardianship-of-infants-act.l4:4267:1-156:
  assertion satisfied
guardianship-of-infants-act.l4:4269:1-151:
  assertion satisfied
guardianship-of-infants-act.l4:4270:1-158:
  assertion satisfied
guardianship-of-infants-act.l4:4273:1-138:
  assertion satisfied
guardianship-of-infants-act.l4:4274:1-149:
  assertion satisfied
guardianship-of-infants-act.l4:4277:1-140:
  assertion satisfied
guardianship-of-infants-act.l4:4281:1-184:
  assertion satisfied
guardianship-of-infants-act.l4:4284:1-185:
  assertion satisfied
guardianship-of-infants-act.l4:4285:1-177:
  assertion satisfied
guardianship-of-infants-act.l4:4286:1-177:
  assertion satisfied
guardianship-of-infants-act.l4:4290:1-183:
  assertion satisfied
guardianship-of-infants-act.l4:4291:1-183:
  assertion satisfied
guardianship-of-infants-act.l4:4292:1-175:
  assertion satisfied
guardianship-of-infants-act.l4:4293:1-175:
  assertion satisfied
guardianship-of-infants-act.l4:4296:1-264:
  assertion satisfied
guardianship-of-infants-act.l4:4298:1-156:
  assertion satisfied
guardianship-of-infants-act.l4:4299:1-172:
  assertion satisfied
guardianship-of-infants-act.l4:4300:1-173:
  assertion satisfied
guardianship-of-infants-act.l4:4303:1-170:
  assertion satisfied
guardianship-of-infants-act.l4:4306:1-131:
  assertion satisfied
guardianship-of-infants-act.l4:4307:1-130:
  assertion satisfied
guardianship-of-infants-act.l4:4308:1-130:
  assertion satisfied
guardianship-of-infants-act.l4:4309:1-131:
  assertion satisfied
guardianship-of-infants-act.l4:4312:1-108:
  assertion satisfied
guardianship-of-infants-act.l4:4318:1-236:
  assertion satisfied
guardianship-of-infants-act.l4:4319:1-241:
  assertion satisfied
guardianship-of-infants-act.l4:4321:1-259:
  assertion satisfied
guardianship-of-infants-act.l4:4323:1-228:
  assertion satisfied
guardianship-of-infants-act.l4:4360:1-60:
  assertion satisfied
guardianship-of-infants-act.l4:4362:1-78:
  assertion satisfied
guardianship-of-infants-act.l4:4365:1-92:
  assertion satisfied
guardianship-of-infants-act.l4:4366:1-136:
  assertion satisfied
guardianship-of-infants-act.l4:4369:1-58:
  assertion satisfied
guardianship-of-infants-act.l4:4370:1-104:
  assertion satisfied
guardianship-of-infants-act.l4:4371:1-102:
  assertion satisfied
guardianship-of-infants-act.l4:4386:1-96:
  assertion satisfied
guardianship-of-infants-act.l4:4387:1-96:
  assertion satisfied
guardianship-of-infants-act.l4:4388:1-96:
  assertion satisfied
guardianship-of-infants-act.l4:4389:1-105:
  assertion satisfied
guardianship-of-infants-act.l4:4390:1-105:
  assertion satisfied
guardianship-of-infants-act.l4:4391:1-105:
  assertion satisfied
guardianship-of-infants-act.l4:4393:1-108:
  assertion satisfied
guardianship-of-infants-act.l4:4394:1-109:
  assertion satisfied
guardianship-of-infants-act.l4:4396:1-110:
  assertion satisfied
guardianship-of-infants-act.l4:4400:1-75:
  assertion satisfied
guardianship-of-infants-act.l4:4401:1-75:
  assertion satisfied
guardianship-of-infants-act.l4:4402:1-75:
  assertion satisfied
guardianship-of-infants-act.l4:4405:1-114:
  assertion satisfied
guardianship-of-infants-act.l4:4406:1-115:
  assertion satisfied
guardianship-of-infants-act.l4:4409:1-82:
  assertion satisfied
guardianship-of-infants-act.l4:4410:1-115:
  assertion satisfied
guardianship-of-infants-act.l4:4411:1-154:
  assertion satisfied
guardianship-of-infants-act.l4:4412:1-157:
  assertion satisfied
guardianship-of-infants-act.l4:4415:1-100:
  assertion satisfied
guardianship-of-infants-act.l4:4416:1-81:
  assertion satisfied
guardianship-of-infants-act.l4:4422:1-280:
  assertion satisfied
guardianship-of-infants-act.l4:4423:1-202:
  assertion satisfied
guardianship-of-infants-act.l4:4424:1-251:
  assertion satisfied
guardianship-of-infants-act.l4:4425:1-173:
  assertion satisfied
guardianship-of-infants-act.l4:4428:1-141:
  assertion satisfied
guardianship-of-infants-act.l4:4429:1-140:
  assertion satisfied
guardianship-of-infants-act.l4:4438:1-272:
  assertion satisfied
guardianship-of-infants-act.l4:4441:1-272:
  assertion satisfied
guardianship-of-infants-act.l4:4442:1-269:
  assertion satisfied
guardianship-of-infants-act.l4:4446:1-149:
  assertion satisfied
guardianship-of-infants-act.l4:4447:1-268:
  assertion satisfied
guardianship-of-infants-act.l4:4452:1-344:
  assertion satisfied
guardianship-of-infants-act.l4:4453:1-343:
  assertion satisfied
guardianship-of-infants-act.l4:4458:1-149:
  assertion satisfied
guardianship-of-infants-act.l4:4459:1-149:
  assertion satisfied
guardianship-of-infants-act.l4:4462:1-134:
  assertion satisfied
guardianship-of-infants-act.l4:4466:1-145:
  assertion satisfied
guardianship-of-infants-act.l4:4467:1-141:
  assertion satisfied
