the salary table `Yael` is placed in is equal to `the BA table — rating code 101`
the salary table `Dvora` is placed in is equal to `the MA table — rating code 102`
the salary table `Noa` is placed in is equal to `the MA table — rating code 102`
`the teacher is academic` with `Yael`
`the teacher holds a doctorate` with `Noa`
not `the teacher holds a doctorate` with `Yael`
