`the opening words of the charge` with `Lewis Christine particulars`
`the opening words of the charge` with `Lewis Christine particulars` is equal to You, Christine Lewis, are charged that you, on or about the 24th day of April 2000, at about 8.10 pm, at the Seiyu Departmental Store at Parkway Parade Shopping Centre, Singapore, 
`the closing words of the charge` with `Lewis Christine particulars` and 420 is equal to , and you have thereby committed an offence punishable under section 420 of the Penal Code 1871.
`the opening words of the charge` with `Sarjit Singh particulars` is equal to You, Sarjit Singh Rapati, are charged that you, on or about 10 July 2003, at about 12.30 pm, at Newton Hawker Centre car-park, Singapore, together with one Paramjit Singh s/o Buta Singh (M/43 yrs, NRIC No. S1436488-I) and in furtherance of the common intention of you all, 
`the closing words of the charge` with `Sarjit Singh particulars` and 384 is equal to , and you have thereby committed an offence punishable under section 384 read with section 34 of the Penal Code 1871.
`joined with` with ;  and list of a, b and c is equal to a; b; c
`joined with` with ;  and list of a is equal to a
`one` with Wong Fei Hsia and the cashier of Seiyu Departmental Store is equal to one Wong Fei Hsia, the cashier of Seiyu Departmental Store
`dishonestly within section 24` with `Dishonesty Facts` where `intention of causing wrongful gain to A or another person` is `TRUE`, `intention of causing wrongful loss to another person` is `FALSE`, `dishonest by the ordinary standards of reasonable and honest persons` is `FALSE` and `A knows that that act is dishonest by such standards` is `FALSE`
`dishonestly within section 24` with `Dishonesty Facts` where `intention of causing wrongful gain to A or another person` is `FALSE`, `intention of causing wrongful loss to another person` is `FALSE`, `dishonest by the ordinary standards of reasonable and honest persons` is `TRUE` and `A knows that that act is dishonest by such standards` is `TRUE`
not `dishonestly within section 24` with `Dishonesty Facts` where `intention of causing wrongful gain to A or another person` is `FALSE`, `intention of causing wrongful loss to another person` is `FALSE`, `dishonest by the ordinary standards of reasonable and honest persons` is `TRUE` and `A knows that that act is dishonest by such standards` is `FALSE`
`fraudulently within section 25` with `Fraud Facts` where `intent to deceive another person` is `TRUE`, `an advantage should accrue to A or another person` is `TRUE`, `detriment should befall B or another person other than A` is `FALSE` and `the advantage or detriment intended is so slight that no reasonable person would complain of it` is `FALSE`
not `fraudulently within section 25` with `Fraud Facts` where `intent to deceive another person` is `TRUE`, `an advantage should accrue to A or another person` is `TRUE`, `detriment should befall B or another person other than A` is `FALSE` and `the advantage or detriment intended is so slight that no reasonable person would complain of it` is `TRUE`
