`commits robbery` with `Chen Weixiong Jerriek`
`charge under s 392` with `Chen Weixiong Jerriek` 's `text`
`charge under s 394` with `Chen Weixiong Jerriek` 's `text`
`charge under s 392` with `Chen Weixiong Jerriek, no aggravation` 's `refusal`
`charge under s 392` with `Illustration (b) to section 390` 's `text`
`theft is robbery` with `Chen Weixiong Jerriek`
not `extortion is robbery` with `Chen Weixiong Jerriek`
`commits robbery` with `Chen Weixiong Jerriek`
`offence under s 392` with `Chen Weixiong Jerriek`
`charge under s 392` with `Chen Weixiong Jerriek` 's `made out`
`the recital of the robbery` with `Chen Weixiong Jerriek` is equal to did rob one Ng Juin Chye Joel of a handphone valued at about $450/-
`charge under s 392` with `Chen Weixiong Jerriek` 's `text` is equal to You, Chen Weixiong Jerriek, are charged that you, on or about the 5th day of July 2002, at about 1.00pm, at void deck of Blk 121, Lor 1 Toa Payoh, Singapore, together with Koh Bang Long and Chia Jia Ting Samuel and in furtherance of the common intention of you all, did rob one Ng Juin Chye Joel of a handphone valued at about $450/-, and you have thereby committed an offence punishable under section 392 read with section 34 of the Penal Code 1871.
`charge under s 392` with `Chen Weixiong Jerriek` 's `punishment` is equal to imprisonment for a term of not less than 2 years and not more than 10 years and shall also be punished with caning with not less than 6 strokes
`charge under s 392` with `Chen Weixiong Jerriek, after 7 p.m.` 's `made out`
`charge under s 392` with `Chen Weixiong Jerriek, after 7 p.m.` 's `text` is equal to `charge under s 392` with `Chen Weixiong Jerriek` 's `text`
`charge under s 392` with `Chen Weixiong Jerriek, after 7 p.m.` 's `punishment` is equal to imprisonment for a term of not less than 3 years and not more than 14 years and shall also be punished with caning with not less than 12 strokes
`offence under s 394` with `Chen Weixiong Jerriek`
`charge under s 394` with `Chen Weixiong Jerriek` 's `made out`
`the recital of the robbery with hurt` with `Chen Weixiong Jerriek` is equal to were jointly concerned in committing robbery of a handphone valued at about $450/- from one Ng Juin Chye Joel and whilst committing the said robbery, voluntarily caused hurt to him, to wit, by slapping him and banging his head against the wall
`charge under s 394` with `Chen Weixiong Jerriek` 's `punishment` is equal to imprisonment for a term of not less than 5 years and not more than 20 years and shall also be punished with caning with not less than 12 strokes
`commits theft` with `the handphone taken from Ng Juin Chye Joel`
not `commits robbery` with `Chen Weixiong Jerriek, no aggravation`
not `charge under s 392` with `Chen Weixiong Jerriek, no aggravation` 's `made out`
`charge under s 392` with `Chen Weixiong Jerriek, no aggravation` 's `text` is equal to 
`charge under s 392` with `Chen Weixiong Jerriek, no aggravation` 's `refusal` is equal to A charge under section 392 would assert that the facts fulfil every legal condition of robbery (CPC s 123(5)). On the facts given they do not: neither the aggravation that makes a theft robbery (section 390(2)) nor the one that makes an extortion robbery (section 390(3)).
not `charge under s 394` with `Chen Weixiong Jerriek, no aggravation` 's `made out`
`extortion is robbery` with `Illustration (b) to section 390`
not `theft is robbery` with `Illustration (b) to section 390`
`commits robbery` with `Illustration (b) to section 390`
`the recital of the robbery` with `Illustration (b) to section 390` is equal to did rob one Zulkifli bin Hassan of a purse
`charge under s 392` with `Illustration (b) to section 390` 's `text` is equal to You, Ravi s/o Muthu, are charged that you, on or about the 9th day of August 2004, at about 4.45 pm, at the footpath along Old Upper Thomson Road, Singapore, did rob one Zulkifli bin Hassan of a purse, and you have thereby committed an offence punishable under section 392 of the Penal Code 1871.
`charge under s 392` with `Chen Weixiong Jerriek, the attempt` 's `refusal`
`charge under s 393` with `Chen Weixiong Jerriek, the attempt` 's `text`
not `commits theft` with `the handphone not taken from Ng Juin Chye Joel`
not `theft is robbery` with `Chen Weixiong Jerriek, the attempt`
not `extortion is robbery` with `Chen Weixiong Jerriek, the attempt`
not `commits robbery` with `Chen Weixiong Jerriek, the attempt`
not `offence under s 392` with `Chen Weixiong Jerriek, the attempt`
not `charge under s 392` with `Chen Weixiong Jerriek, the attempt` 's `made out`
`charge under s 392` with `Chen Weixiong Jerriek, the attempt` 's `refusal` is equal to A charge under section 392 would assert that the facts fulfil every legal condition of robbery (CPC s 123(5)). On the facts given they do not: in all robbery there is either theft or extortion (section 390(1)); neither the aggravation that makes a theft robbery (section 390(2)) nor the one that makes an extortion robbery (section 390(3)).
`offence under s 393` with `Chen Weixiong Jerriek, the attempt`
`charge under s 393` with `Chen Weixiong Jerriek, the attempt` 's `made out`
`the recital of the attempted robbery` with `Chen Weixiong Jerriek, the attempt` is equal to did attempt to rob one Ng Juin Chye Joel of a handphone valued at about $450/-
`charge under s 393` with `Chen Weixiong Jerriek, the attempt` 's `text` is equal to You, Chen Weixiong Jerriek, are charged that you, on or about the 5th day of July 2002, at about 1.00pm, at void deck of Blk 121, Lor 1 Toa Payoh, Singapore, together with Koh Bang Long and Chia Jia Ting Samuel and in furtherance of the common intention of you all, did attempt to rob one Ng Juin Chye Joel of a handphone valued at about $450/-, and you have thereby committed an offence punishable under section 393 read with section 34 of the Penal Code 1871.
`charge under s 393` with `Chen Weixiong Jerriek, the attempt` 's `punishment` is equal to imprisonment for a term of not less than 2 years and not more than 7 years and shall also be punished with caning with not less than 6 strokes
`offence under s 394` with `Chen Weixiong Jerriek, the attempt`
`charge under s 394` with `Chen Weixiong Jerriek, the attempt` 's `made out`
not `offence under s 393` with `Chen Weixiong Jerriek`
`charge under s 393` with `Chen Weixiong Jerriek` 's `refusal` is equal to A charge under section 393 would assert that the facts fulfil every legal condition of attempting to commit robbery (CPC s 123(5)). On the facts given they do not: an attempt to commit robbery.
`whoever commits robbery shall be so punished` with `Chen Weixiong Jerriek`
`liable under s 392` with `Chen Weixiong Jerriek`
`liable to the ordinary punishment under s 392` with `Chen Weixiong Jerriek`
not `liable to the night punishment under s 392` with `Chen Weixiong Jerriek`
`liable to the night punishment under s 392` with `Chen Weixiong Jerriek, after 7 p.m.`
not `liable to the ordinary punishment under s 392` with `Chen Weixiong Jerriek, after 7 p.m.`
not `commits robbery` with `Chen Weixiong Jerriek, no aggravation`
`whoever commits robbery shall be so punished` with `Chen Weixiong Jerriek, no aggravation`
